// Jest Snapshot v1, https://goo.gl/fbAQLP

exports[`Charger renders correctly 1`] = `
Array [
  <Text
    style={
      Object {
        "backgroundColor": "black",
        "color": "orange",
        "fontSize": 32,
        "margin": 8,
        "padding": 16,
        "textAlign": "right",
      }
    }
  >
    Â¥ 
    500
  </Text>,
  <View
    style={
      Object {
        "alignItems": "center",
        "flexDirection": "row",
        "justifyContent": "space-around",
      }
    }
  >
    <View
      accessible={true}
      isTVSelectable={true}
      onResponderGrant={[Function]}
      onResponderMove={[Function]}
      onResponderRelease={[Function]}
      onResponderTerminate={[Function]}
      onResponderTerminationRequest={[Function]}
      onStartShouldSetResponder={[Function]}
      style={
        Object {
          "opacity": 1,
        }
      }
    >
      <View
        style={
          Object {
            "alignItems": "center",
            "backgroundColor": "silver",
            "borderRadius": 48,
            "height": 96,
            "justifyContent": "center",
            "width": 96,
          }
        }
      >
        <Text
          style={
            Object {
              "fontSize": 32,
            }
          }
        >
          10
        </Text>
      </View>
    </View>
    <View
      accessible={true}
      isTVSelectable={true}
      onResponderGrant={[Function]}
      onResponderMove={[Function]}
      onResponderRelease={[Function]}
      onResponderTerminate={[Function]}
      onResponderTerminationRequest={[Function]}
      onStartShouldSetResponder={[Function]}
      style={
        Object {
          "opacity": 1,
        }
      }
    >
      <View
        style={
          Object {
            "alignItems": "center",
            "backgroundColor": "silver",
            "borderRadius": 48,
            "height": 96,
            "justifyContent": "center",
            "width": 96,
          }
        }
      >
        <Text
          style={
            Object {
              "fontSize": 32,
            }
          }
        >
          50
        </Text>
      </View>
    </View>
    <View
      accessible={true}
      isTVSelectable={true}
      onResponderGrant={[Function]}
      onResponderMove={[Function]}
      onResponderRelease={[Function]}
      onResponderTerminate={[Function]}
      onResponderTerminationRequest={[Function]}
      onStartShouldSetResponder={[Function]}
      style={
        Object {
          "opacity": 1,
        }
      }
    >
      <View
        style={
          Object {
            "alignItems": "center",
            "backgroundColor": "silver",
            "borderRadius": 48,
            "height": 96,
            "justifyContent": "center",
            "width": 96,
          }
        }
      >
        <Text
          style={
            Object {
              "fontSize": 32,
            }
          }
        >
          100
        </Text>
      </View>
    </View>
    <View
      accessible={true}
      isTVSelectable={true}
      onResponderGrant={[Function]}
      onResponderMove={[Function]}
      onResponderRelease={[Function]}
      onResponderTerminate={[Function]}
      onResponderTerminationRequest={[Function]}
      onStartShouldSetResponder={[Function]}
      style={
        Object {
          "opacity": 1,
        }
      }
    >
      <View
        style={
          Object {
            "alignItems": "center",
            "backgroundColor": "silver",
            "borderRadius": 48,
            "height": 96,
            "justifyContent": "center",
            "width": 96,
          }
        }
      >
        <Text
          style={
            Object {
              "fontSize": 32,
            }
          }
        >
          500
        </Text>
      </View>
    </View>
  </View>,
]
`;
