// Jest Snapshot v1, https://goo.gl/fbAQLP

exports[`NetworkIndicator renders indicator 1`] = `
<ActivityIndicator
  animating={true}
  color="#999999"
  hidesWhenStopped={true}
  size="large"
  style={
    Object {
      "bottom": 0,
      "position": "absolute",
      "right": 0,
    }
  }
/>
`;
